SQL> --수업주제 : 외래키 (foreign key)
SQL> --상품 범주 테이블 생성
SQL> create  table category(
  2  category_id number primary key
  3  , name varchar(20)
  4  );
SP2-0640: Not connected
SQL> conn user0827/user0827
Connected.
SQL> ed
Wrote file afiedt.buf

  1  create  table category(
  2  category_id number primary key
  3  , name varchar(20)
  4* )
SQL> /

Table created.

SQL> show user
USER is "USER0827"
SQL> --구조 보기
SQL> desc category;
 Name                                      Null?    Type
 ----------------------------------------- -------- ----------------------------
 CATEGORY_ID                               NOT NULL NUMBER
 NAME                                               VARCHAR2(20)

SQL> insert into category(category_id, name) values(1,'상의');

1 row created.

SQL> insert into category(category_id, name) values(2,'하의');

1 row created.

SQL> insert into category(category_id, name) values(3,'엑세서리');

1 row created.

SQL> insert into category(category_id, name) values(4,'신발');

1 row created.

SQL> commit;

Commit complete.

SQL> select * from category;

CATEGORY_ID NAME                                                                
----------- ----------------------------------------                            
          1 상의                                                                
          2 하의                                                                
          3 엑세서리                                                            
          4 신발                                                                

SQL> --방금 만든 카테고리 테이블을 참조하는 자식 테이블을 생성하낟
SQL> create  table product(
  2  product_id number primary key
  3  , category_id number foreign key references category(category_id)
  4  , code varchar(20)
  5  , product_name varchar(20)
  6  , price number default 0
  7  );
, category_id number foreign key references category(category_id)
                     *
ERROR at line 3:
ORA-00907: missing right parenthesis 


SQL> ed
Wrote file afiedt.buf

  1  create  table product(
  2  product_id number primary key
  3  , category_id number
  4  , foreign key (category_id) references category(category_id)
  5  , code varchar(20)
  6  , product_name varchar(20)
  7  , price number default 0
  8* )
SQL> /

Table created.

SQL> ed
Wrote file afiedt.buf

  1  create  table product(
  2  product_id number primary key
  3  , category_id number
  4  , foreign key (category_id) references category(category_id)
  5  , code varchar(20)
  6  , product_name varchar(20)
  7  , price number default 0
  8* )
SQL> insert into product(product_id, category_id, code, product_name, price)
  2  values(1, 1, 'JE5505', 'Metro청바지',250000);

1 row created.

SQL> insert into product(product_id, category_id, code, product_name, price)
  2  values(2, 1, 'JE5506', '스키니청바지',270000);

1 row created.

SQL> commit;

Commit complete.

SQL> select * from category;

CATEGORY_ID NAME                                                                
----------- ----------------------------------------                            
          1 상의                                                                
          2 하의                                                                
          3 엑세서리                                                            
          4 신발                                                                

SQL> select * from product;

PRODUCT_ID CATEGORY_ID CODE                                                     
---------- ----------- ----------------------------------------                 
PRODUCT_NAME                                  PRICE                             
---------------------------------------- ----------                             
         1           1 JE5505                                                   
Metro청바지                                  250000                             
                                                                                
         2           1 JE5506                                                   
스키니청바지                                 270000                             
                                                                                

SQL> set line 200
SQL> /

PRODUCT_ID CATEGORY_ID CODE                                     PRODUCT_NAME                                  PRICE                                                                                     
---------- ----------- ---------------------------------------- ---------------------------------------- ----------                                                                                     
         1           1 JE5505                                   Metro청바지                                  250000                                                                                     
         2           1 JE5506                                   스키니청바지                                 270000                                                                                     

SQL> set line 300
SQL> /

PRODUCT_ID CATEGORY_ID CODE                                     PRODUCT_NAME                                  PRICE                                                                                                                                                                                         
---------- ----------- ---------------------------------------- ---------------------------------------- ----------                                                                                                                                                                                         
         1           1 JE5505                                   Metro청바지                                  250000                                                                                                                                                                                         
         2           1 JE5506                                   스키니청바지                                 270000                                                                                                                                                                                         

SQL> --foreign key 제약조건을 자식테이블에 부여할 경우, 부모는 함부로 데이터를 조작하지 못한다
SQL> --실습
SQL> update category set category_id=100;
update category set category_id=100
*
ERROR at line 1:
ORA-00001: unique constraint (USER0827.SYS_C007005) violated 


SQL> alter table category
  2  drop column category_id;
drop column category_id
            *
ERROR at line 2:
ORA-12992: cannot drop parent key column 


SQL> --외래키 제약조건을 걸어놓으면, 데이터 무결성을 유지하며 안전장치를 마련한다
SQL> --제약조건의 종류
SQL> --1.unique
SQL> --2.not null
SQL> --3.primary key
SQL> --4.check
SQL> --5.default
SQL> --6.foreign key
SQL> --primary key를  사람이 직접 넣으면 안됨..왜? 중복가능성도 있고, 수치값이 몇까지 증가했는지 조차
SQL> --알수 없다...사용자들에 의해 증가되므로,예측이 불가..
SQL> --해결책? 시퀀스를 이용한다
SQL> create sequence seq_category
  2  increment by 1 -- 1씩 증가시켜라
  3  start with 1; --1부터 시작해라
  4  ;
start with 1; --1부터 시작해라
                   *
ERROR at line 3:
ORA-00911: invalid character 


SQL> ed
Wrote file afiedt.buf

  1  create sequence seq_category
  2  increment by 1
  3* start with 1
SQL> /
create sequence seq_category
*
ERROR at line 1:
ORA-01031: insufficient privileges 


SQL> --현재로서는 권한이 없다..따라서 관리자에서 권한을 부여하자
SQL> conn system/1234
Connected.
SQL> grant create sequence to user0827;

Grant succeeded.

SQL> --다시 유저로 가자
SQL> conn user0827/user0827
Connected.
SQL> --숫자값만을 전담하여 증가시켜주는 객체인 시퀀스 생성하자
SQL> create sequence seq_category
  2  increment by 1
  3  start with 1;

Sequence created.

SQL> --시퀀스를 호출하여,  insert  해보기
SQL> --기존에 들어간 category 데이터는 시퀀스르를 이용하지 않았기 때문에 무결성이 깨진데이터이다.
SQL> --따라서 버리자
SQL> delete from category;
delete from category
*
ERROR at line 1:
ORA-02292: integrity constraint (USER0827.SYS_C007007) violated - child record found 


SQL> delete from category;
delete from category
*
ERROR at line 1:
ORA-02292: integrity constraint (USER0827.SYS_C007007) violated - child record found 


SQL> --제약조건을 걸어놓아서, 마음대로 category 데이터를...
SQL> --시퀀스 실습을 product을 대상으로 하자
SQL> create sequence  seq_product
  2  increment by1
  3  start with 1;
increment by1
          *
ERROR at line 2:
ORA-00924: missing BY keyword 


SQL> ed
Wrote file afiedt.buf

  1  create sequence  seq_product
  2  increment by 1
  3* start with 1
SQL> /

Sequence created.

SQL> --기존 테스트용으로 넣었던 product의 category_id 값을 지우자
SQL> delete from product;

2 rows deleted.

SQL> commit;

Commit complete.

SQL> --시퀀스를 이용한 데이터 insert
SQL> insert into product(product_id,category_id,code,product_name,price)
  2  values(seq_product.nextval,1,'JE0007','스키니청바지',30000);

1 row created.

SQL> /

1 row created.

SQL> /

1 row created.

SQL> /

1 row created.

SQL> /

1 row created.

SQL> /

1 row created.

SQL> /

1 row created.

SQL> /

1 row created.

SQL> /

1 row created.

SQL> select product_id, product_name from product;

PRODUCT_ID PRODUCT_NAME                                                                                                                                                                                                                                                                                     
---------- ----------------------------------------                                                                                                                                                                                                                                                         
         1 스키니청바지                                                                                                                                                                                                                                                                                     
         2 스키니청바지                                                                                                                                                                                                                                                                                     
         3 스키니청바지                                                                                                                                                                                                                                                                                     
         4 스키니청바지                                                                                                                                                                                                                                                                                     
         5 스키니청바지                                                                                                                                                                                                                                                                                     
         6 스키니청바지                                                                                                                                                                                                                                                                                     
         7 스키니청바지                                                                                                                                                                                                                                                                                     
         8 스키니청바지                                                                                                                                                                                                                                                                                     
         9 스키니청바지                                                                                                                                                                                                                                                                                     

9 rows selected.

SQL> commit;

Commit complete.

SQL> spool off;